../Drivers/STM32WBxx_HAL_Driver/Inc/stm32wbxx_ll_rcc.h:1679:22:LL_RCC_LSE_SetDriveCapability	16	static
../Drivers/STM32WBxx_HAL_Driver/Inc/stm32wbxx_ll_bus.h:364:22:LL_AHB1_GRP1_EnableClock	24	static
../Drivers/STM32WBxx_HAL_Driver/Inc/stm32wbxx_ll_bus.h:539:22:LL_AHB2_GRP1_EnableClock	24	static
../Core/Src/main.c:152:6:adxl_write	32	static
../Core/Src/main.c:160:6:adxl_read	32	static
../Core/Src/main.c:166:6:adxl_init	8	static
../Core/Src/main.c:179:6:ADC_Select_CH3	32	static
../Core/Src/main.c:194:6:ADC_Select_CH6	32	static
../Core/Src/main.c:213:5:main	24	static
../Core/Src/main.c:393:6:SystemClock_Config	112	static
../Core/Src/main.c:459:6:PeriphCommonClock_Config	88	static
../Core/Src/main.c:492:13:MX_ADC1_Init	32	static
../Core/Src/main.c:560:13:MX_I2C3_Init	8	static
../Core/Src/main.c:608:13:MX_IPCC_Init	8	static
../Core/Src/main.c:634:13:MX_RF_Init	4	static
../Core/Src/main.c:655:13:MX_RTC_Init	8	static
../Core/Src/main.c:698:6:MX_USART1_UART_Init	8	static
../Core/Src/main.c:746:13:MX_USB_PCD_Init	8	static
../Core/Src/main.c:777:13:MX_DMA_Init	8	static
../Core/Src/main.c:799:13:MX_GPIO_Init	32	static
../Core/Src/main.c:835:6:ReadEda	8	static
../Core/Src/main.c:857:6:Eda	8	static
../Core/Src/main.c:865:6:ReadPPG	8	static
../Core/Src/main.c:893:6:Error_Handler	4	static,ignoring_inline_asm
